// Jest Snapshot v1, https://goo.gl/fbAQLP

exports[`can create a wishlist 1`] = `
Array [
  Object {
    "op": "add",
    "path": "/items/0",
    "value": Object {
      "image": "test",
      "name": "tu",
      "price": 3,
    },
  },
  Object {
    "op": "replace",
    "path": "/items/0/name",
    "value": "teo",
  },
]
`;
